Archive member included to satisfy reference by file (symbol)

../build/colorlight_i5/software/libc/libc.a(strcmp.S.o)
                              build/main.o (strcmp)
../build/colorlight_i5/software/libc/libc.a(strlen.c.o)
                              build/main.o (strlen)
../build/colorlight_i5/software/libc/libc.a(libc_string_strchr.c.o)
                              build/main.o (strchr)
../build/colorlight_i5/software/libc/libc.a(libc_tinystdio_fgetc.c.o)
                              build/main.o (fgetc)
../build/colorlight_i5/software/libc/libc.a(libc_tinystdio_fputs.c.o)
                              build/main.o (fputs)
../build/colorlight_i5/software/libc/libc.a(libc_tinystdio_printf.c.o)
                              build/main.o (printf)
../build/colorlight_i5/software/libc/libc.a(libc_tinystdio_puts.c.o)
                              build/main.o (puts)
../build/colorlight_i5/software/libc/libc.a(libc_tinystdio_vfiprintf.c.o)
                              ../build/colorlight_i5/software/libc/libc.a(libc_tinystdio_printf.c.o) (vfprintf)
../build/colorlight_i5/software/libc/libc.a(_libc.a)
                              build/main.o (stdin)
../build/colorlight_i5/software/libc/libc.a(libc_string_strnlen.c.o)
                              ../build/colorlight_i5/software/libc/libc.a(libc_tinystdio_vfiprintf.c.o) (strnlen)
../build/colorlight_i5/software/libcompiler_rt/libcompiler_rt.a(udivdi3.o)
                              ../build/colorlight_i5/software/libc/libc.a(libc_tinystdio_vfiprintf.c.o) (__udivdi3)
../build/colorlight_i5/software/libcompiler_rt/libcompiler_rt.a(umoddi3.o)
                              ../build/colorlight_i5/software/libc/libc.a(libc_tinystdio_vfiprintf.c.o) (__umoddi3)
../build/colorlight_i5/software/libcompiler_rt/libcompiler_rt.a(udivmoddi4.o)
                              ../build/colorlight_i5/software/libcompiler_rt/libcompiler_rt.a(udivdi3.o) (__udivmoddi4)
../build/colorlight_i5/software/libcompiler_rt/libcompiler_rt.a(clzsi2.o)
                              ../build/colorlight_i5/software/libcompiler_rt/libcompiler_rt.a(udivmoddi4.o) (__clzsi2)
../build/colorlight_i5/software/libcompiler_rt/libcompiler_rt.a(ctzsi2.o)
                              ../build/colorlight_i5/software/libcompiler_rt/libcompiler_rt.a(udivmoddi4.o) (__ctzsi2)
../build/colorlight_i5/software/libbase/libbase.a(console.o)
                              build/main.o (readchar_nonblock)
../build/colorlight_i5/software/libbase/libbase.a(uart.o)
                              ../build/colorlight_i5/software/libc/libc.a(_libc.a) (uart_read)
../build/colorlight_i5/software/libbase/libbase.a(isr.o)
                              build/crt0.o (isr)

Discarded input sections

 .data          0x00000000        0x0 build/crt0.o
 .group         0x00000000        0xc build/main.o
 .group         0x00000000        0xc build/main.o
 .group         0x00000000        0xc build/main.o
 .group         0x00000000        0xc build/main.o
 .group         0x00000000        0xc build/main.o
 .group         0x00000000        0xc build/main.o
 .group         0x00000000        0xc build/main.o
 .group         0x00000000        0xc build/main.o
 .group         0x00000000        0xc build/main.o
 .group         0x00000000        0xc build/main.o
 .group         0x00000000        0xc build/main.o
 .group         0x00000000        0xc build/main.o
 .group         0x00000000        0xc build/main.o
 .group         0x00000000        0xc build/main.o
 .group         0x00000000        0xc build/main.o
 .group         0x00000000        0xc build/main.o
 .group         0x00000000        0xc build/main.o
 .group         0x00000000        0xc build/main.o
 .group         0x00000000        0xc build/main.o
 .group         0x00000000        0xc build/main.o
 .group         0x00000000        0xc build/main.o
 .group         0x00000000        0xc build/main.o
 .group         0x00000000        0xc build/main.o
 .group         0x00000000        0xc build/main.o
 .group         0x00000000        0xc build/main.o
 .group         0x00000000        0xc build/main.o
 .group         0x00000000        0xc build/main.o
 .group         0x00000000        0xc build/main.o
 .group         0x00000000        0xc build/main.o
 .group         0x00000000        0xc build/main.o
 .group         0x00000000        0xc build/main.o
 .group         0x00000000        0xc build/main.o
 .group         0x00000000        0xc build/main.o
 .data          0x00000000        0x0 build/main.o
 .eh_frame      0x00000000       0x50 build/main.o
 .text          0x00000000        0x0 build/tflm/examples/hello_world/models/hello_world_int8_model_data.o
 .data          0x00000000        0x0 build/tflm/examples/hello_world/models/hello_world_int8_model_data.o
 .bss           0x00000000        0x0 build/tflm/examples/hello_world/models/hello_world_int8_model_data.o
 .rodata.g_hello_world_int8_model_data
[...]
Memory Configuration

Name             Origin             Length             Attributes
rom              0x00000000         0x00020000
sram             0x01000000         0x00002000
spiflash         0x00800000         0x00800000
main_ram         0x40000000         0x00800000
csr              0x82000000         0x00010000
*default*        0x00000000         0xffffffff

Linker script and memory map

START GROUP
LOAD build/crt0.o
LOAD build/main.o
LOAD build/tflm/examples/hello_world/models/hello_world_int8_model_data.o
LOAD tflm/build/libtflm.a
LOAD ../build/colorlight_i5/software/libc/libc.a
LOAD ../build/colorlight_i5/software/libcompiler_rt/libcompiler_rt.a
LOAD ../build/colorlight_i5/software/libbase/libbase.a
LOAD ../build/colorlight_i5/software/libfatfs/libfatfs.a
LOAD ../build/colorlight_i5/software/liblitespi/liblitespi.a
LOAD ../build/colorlight_i5/software/liblitedram/liblitedram.a
LOAD ../build/colorlight_i5/software/libliteeth/libliteeth.a
LOAD ../build/colorlight_i5/software/liblitesdcard/liblitesdcard.a
LOAD ../build/colorlight_i5/software/liblitesata/liblitesata.a
LOAD /usr/lib/gcc/riscv64-unknown-elf/12.2.0/libgcc.a
END GROUP
                0x00000000                        __DYNAMIC = 0x0

.text           0x40000000     0x17f8
                0x40000000                        _ftext = .
 *(.text .stub .text.* .gnu.linkonce.t.*)
 .text          0x40000000      0x2ec build/crt0.o
                0x40000000                _start
                0x4000028c                _irq_enable
                0x400002b0                _irq_disable
                0x400002c8                _irq_setmask
 .text          0x400002ec       0x40 build/main.o
 .text.startup  0x4000032c      0x1d8 build/main.o
                0x4000032c                main
 .text.strcmp   0x40000504       0x20 ../build/colorlight_i5/software/libc/libc.a(strcmp.S.o)
                0x40000504                strcmp
 .text.strlen   0x40000524       0x1c ../build/colorlight_i5/software/libc/libc.a(strlen.c.o)
                0x40000524                strlen
 .text.strchr   0x40000540       0x28 ../build/colorlight_i5/software/libc/libc.a(libc_string_strchr.c.o)
                0x40000540                strchr
 .text.fgetc    0x40000568       0x7c ../build/colorlight_i5/software/libc/libc.a(libc_tinystdio_fgetc.c.o)
                0x40000568                getc
                0x40000568                fgetc
 .text.fputs    0x400005e4       0x70 ../build/colorlight_i5/software/libc/libc.a(libc_tinystdio_fputs.c.o)
                0x400005e4                fputs
 .text.printf   0x40000654       0x48 ../build/colorlight_i5/software/libc/libc.a(libc_tinystdio_printf.c.o)
                0x40000654                printf
 .text.puts     0x4000069c       0x7c ../build/colorlight_i5/software/libc/libc.a(libc_tinystdio_puts.c.o)
                0x4000069c                puts
 .text.__ultoa_invert
                0x40000718       0xf4 ../build/colorlight_i5/software/libc/libc.a(libc_tinystdio_vfiprintf.c.o)
 .text.vfprintf
                0x4000080c      0x728 ../build/colorlight_i5/software/libc/libc.a(libc_tinystdio_vfiprintf.c.o)
                0x4000080c                __i_vfprintf
                0x4000080c                vfprintf
 .text          0x40000f34       0x5c ../build/colorlight_i5/software/libc/libc.a(_libc.a)
 .text.strnlen  0x40000f90       0x24 ../build/colorlight_i5/software/libc/libc.a(libc_string_strnlen.c.o)
                0x40000f90                strnlen
 .text          0x40000fb4        0x8 ../build/colorlight_i5/software/libcompiler_rt/libcompiler_rt.a(udivdi3.o)
                0x40000fb4                __udivdi3
 .text          0x40000fbc       0x24 ../build/colorlight_i5/software/libcompiler_rt/libcompiler_rt.a(umoddi3.o)
                0x40000fbc                __umoddi3
 .text          0x40000fe0      0x300 ../build/colorlight_i5/software/libcompiler_rt/libcompiler_rt.a(udivmoddi4.o)
                0x40000fe0                __udivmoddi4
 .text          0x400012e0       0x90 ../build/colorlight_i5/software/libcompiler_rt/libcompiler_rt.a(clzsi2.o)
                0x400012e0                __clzsi2
 .text          0x40001370       0x74 ../build/colorlight_i5/software/libcompiler_rt/libcompiler_rt.a(ctzsi2.o)
                0x40001370                __ctzsi2
 .text          0x400013e4        0x4 ../build/colorlight_i5/software/libbase/libbase.a(console.o)
                0x400013e4                readchar_nonblock
 .text          0x400013e8      0x2b8 ../build/colorlight_i5/software/libbase/libbase.a(uart.o)
                0x400013e8                uart_isr
                0x400014c0                uart_read
                0x40001510                uart_read_nonblock
                0x4000152c                uart_write
                0x40001610                uart_init
                0x40001688                uart_sync
 .text          0x400016a0      0x158 ../build/colorlight_i5/software/libbase/libbase.a(isr.o)
                0x400016a0                irq_attach
                0x40001728                irq_detach
                0x40001730                isr
                0x400017f8                        _etext = .

.rodata         0x400017f8      0x1f3
                0x400017f8                        . = ALIGN (0x4)
                0x400017f8                        _frodata = .
 *(.rodata .rodata.* .gnu.linkonce.r.*)
 .rodata.str1.4
                0x400017f8      0x123 build/main.o
 *fill*         0x4000191b        0x1 
 .rodata.str1.4
                0x4000191c       0x10 ../build/colorlight_i5/software/libc/libc.a(libc_tinystdio_vfiprintf.c.o)
 .rodata        0x4000192c       0x90 ../build/colorlight_i5/software/libc/libc.a(libc_tinystdio_vfiprintf.c.o)
 .rodata.str1.4
                0x400019bc       0x2f ../build/colorlight_i5/software/libbase/libbase.a(isr.o)
 *(.rodata1)
                0x400019eb                        _erodata = .

.srodata        0x400019ec        0xc
 .srodata       0x400019ec        0xc ../build/colorlight_i5/software/libc/libc.a(_libc.a)
                0x400019ec                stdin
                0x400019f0                stderr
                0x400019f4                stdout

.rela.dyn       0x400019f8        0x0
 .rela.text     0x400019f8        0x0 build/crt0.o

.data           0x400019f8       0x10
                0x400019f8                        . = ALIGN (0x4)
                0x400019f8                        _fdata = .
 *(.data .data.* .gnu.linkonce.d.*)
 .data          0x400019f8       0x10 ../build/colorlight_i5/software/libc/libc.a(_libc.a)
 *(.data1)
                0x40001a10                        _gp = ALIGN (0x10)
 *(.sdata .sdata.* .gnu.linkonce.s.*)
                0x40001a08                        _edata = .

.bss            0x01000000      0x5f4
                0x01000000                        . = ALIGN (0x4)
                0x01000000                        _fbss = .
 *(.dynsbss)
 *(.sbss .sbss.* .gnu.linkonce.sb.*)
 .sbss          0x01000000        0x4 build/main.o
 .sbss          0x01000004       0x10 ../build/colorlight_i5/software/libbase/libbase.a(uart.o)
 *(.scommon)
 *(.dynbss)
 *(.bss .bss.* .gnu.linkonce.b.*)
 .bss           0x01000014      0x48c build/crt0.o
                0x01000494                _irq_pending
                0x01000498                _irq_mask
                0x0100049c                _irq_enabled
 .bss           0x010004a0       0x40 build/main.o
 .bss           0x010004e0      0x100 ../build/colorlight_i5/software/libbase/libbase.a(uart.o)
 .bss           0x010005e0       0x14 ../build/colorlight_i5/software/libbase/libbase.a(isr.o)
                0x010005e0                irq_table
 *(COMMON)
                0x010005f4                        . = ALIGN (0x4)
                0x010005f4                        _ebss = .
                0x010005f4                        _end = .
                0x01001ffc                        PROVIDE (_fstack = ((ORIGIN (sram) + LENGTH (sram)) - 0x4))
                0x400019f8                        PROVIDE (_fdata_rom = LOADADDR (.data))
                [!provide]                        PROVIDE (_edata_rom = (LOADADDR (.data) + SIZEOF (.data)))
OUTPUT(build/main.elf elf32-littleriscv)

.riscv.attributes
                0x00000000       0x3f
 .riscv.attributes
                0x00000000       0x3d build/crt0.o
 .riscv.attributes
                0x0000003d       0x3f build/main.o
 .riscv.attributes
                0x0000007c       0x3d ../build/colorlight_i5/software/libc/libc.a(strcmp.S.o)
 .riscv.attributes
                0x000000b9       0x3f ../build/colorlight_i5/software/libc/libc.a(strlen.c.o)
 .riscv.attributes
                0x000000f8       0x3f ../build/colorlight_i5/software/libc/libc.a(libc_string_strchr.c.o)
 .riscv.attributes
                0x00000137       0x3f ../build/colorlight_i5/software/libc/libc.a(libc_tinystdio_fgetc.c.o)
 .riscv.attributes
                0x00000176       0x3f ../build/colorlight_i5/software/libc/libc.a(libc_tinystdio_fputs.c.o)
 .riscv.attributes
                0x000001b5       0x3f ../build/colorlight_i5/software/libc/libc.a(libc_tinystdio_printf.c.o)
 .riscv.attributes
                0x000001f4       0x3f ../build/colorlight_i5/software/libc/libc.a(libc_tinystdio_puts.c.o)
 .riscv.attributes
                0x00000233       0x3f ../build/colorlight_i5/software/libc/libc.a(libc_tinystdio_vfiprintf.c.o)
 .riscv.attributes
                0x00000272       0x3f ../build/colorlight_i5/software/libc/libc.a(_libc.a)
 .riscv.attributes
                0x000002b1       0x3f ../build/colorlight_i5/software/libc/libc.a(libc_string_strnlen.c.o)
 .riscv.attributes
                0x000002f0       0x3f ../build/colorlight_i5/software/libcompiler_rt/libcompiler_rt.a(udivdi3.o)
 .riscv.attributes
                0x0000032f       0x3f ../build/colorlight_i5/software/libcompiler_rt/libcompiler_rt.a(umoddi3.o)
 .riscv.attributes
                0x0000036e       0x3f ../build/colorlight_i5/software/libcompiler_rt/libcompiler_rt.a(udivmoddi4.o)
 .riscv.attributes
                0x000003ad       0x3f ../build/colorlight_i5/software/libcompiler_rt/libcompiler_rt.a(clzsi2.o)
 .riscv.attributes
                0x000003ec       0x3f ../build/colorlight_i5/software/libcompiler_rt/libcompiler_rt.a(ctzsi2.o)
 .riscv.attributes
                0x0000042b       0x3f ../build/colorlight_i5/software/libbase/libbase.a(console.o)
 .riscv.attributes
                0x0000046a       0x3f ../build/colorlight_i5/software/libbase/libbase.a(uart.o)
 .riscv.attributes
                0x000004a9       0x3f ../build/colorlight_i5/software/libbase/libbase.a(isr.o)

.comment        0x00000000       0x1e
 .comment       0x00000000       0x1e build/main.o
                                 0x1f (size before relaxing)
 .comment       0x0000001e       0x1f ../build/colorlight_i5/software/libc/libc.a(strlen.c.o)
 .comment       0x0000001e       0x1f ../build/colorlight_i5/software/libc/libc.a(libc_string_strchr.c.o)
 .comment       0x0000001e       0x1f ../build/colorlight_i5/software/libc/libc.a(libc_tinystdio_fgetc.c.o)
 .comment       0x0000001e       0x1f ../build/colorlight_i5/software/libc/libc.a(libc_tinystdio_fputs.c.o)
 .comment       0x0000001e       0x1f ../build/colorlight_i5/software/libc/libc.a(libc_tinystdio_printf.c.o)
 .comment       0x0000001e       0x1f ../build/colorlight_i5/software/libc/libc.a(libc_tinystdio_puts.c.o)
 .comment       0x0000001e       0x1f ../build/colorlight_i5/software/libc/libc.a(libc_tinystdio_vfiprintf.c.o)
 .comment       0x0000001e       0x1f ../build/colorlight_i5/software/libc/libc.a(_libc.a)
 .comment       0x0000001e       0x1f ../build/colorlight_i5/software/libc/libc.a(libc_string_strnlen.c.o)
 .comment       0x0000001e       0x1f ../build/colorlight_i5/software/libcompiler_rt/libcompiler_rt.a(udivdi3.o)
 .comment       0x0000001e       0x1f ../build/colorlight_i5/software/libcompiler_rt/libcompiler_rt.a(umoddi3.o)
 .comment       0x0000001e       0x1f ../build/colorlight_i5/software/libcompiler_rt/libcompiler_rt.a(udivmoddi4.o)
 .comment       0x0000001e       0x1f ../build/colorlight_i5/software/libcompiler_rt/libcompiler_rt.a(clzsi2.o)
 .comment       0x0000001e       0x1f ../build/colorlight_i5/software/libcompiler_rt/libcompiler_rt.a(ctzsi2.o)
 .comment       0x0000001e       0x1f ../build/colorlight_i5/software/libbase/libbase.a(console.o)
 .comment       0x0000001e       0x1f ../build/colorlight_i5/software/libbase/libbase.a(uart.o)
 .comment       0x0000001e       0x1f ../build/colorlight_i5/software/libbase/libbase.a(isr.o)

.debug_line     0x00000000     0x3d78
 .debug_line    0x00000000      0x3ce build/crt0.o
 .debug_line    0x000003ce      0x5aa build/main.o
 .debug_line    0x00000978       0x74 ../build/colorlight_i5/software/libc/libc.a(strcmp.S.o)
 .debug_line    0x000009ec      0x102 ../build/colorlight_i5/software/libc/libc.a(strlen.c.o)
 .debug_line    0x00000aee      0x13f ../build/colorlight_i5/software/libc/libc.a(libc_string_strchr.c.o)
 .debug_line    0x00000c2d      0x1d9 ../build/colorlight_i5/software/libc/libc.a(libc_tinystdio_fgetc.c.o)
 .debug_line    0x00000e06      0x15d ../build/colorlight_i5/software/libc/libc.a(libc_tinystdio_fputs.c.o)
 .debug_line    0x00000f63      0x134 ../build/colorlight_i5/software/libc/libc.a(libc_tinystdio_printf.c.o)
 .debug_line    0x00001097      0x18f ../build/colorlight_i5/software/libc/libc.a(libc_tinystdio_puts.c.o)
 .debug_line    0x00001226      0xf87 ../build/colorlight_i5/software/libc/libc.a(libc_tinystdio_vfiprintf.c.o)
 .debug_line    0x000021ad      0x18c ../build/colorlight_i5/software/libc/libc.a(_libc.a)
 .debug_line    0x00002339      0x107 ../build/colorlight_i5/software/libc/libc.a(libc_string_strnlen.c.o)
 .debug_line    0x00002440       0xcf ../build/colorlight_i5/software/libcompiler_rt/libcompiler_rt.a(udivdi3.o)
 .debug_line    0x0000250f       0xfd ../build/colorlight_i5/software/libcompiler_rt/libcompiler_rt.a(umoddi3.o)
 .debug_line    0x0000260c      0x7b9 ../build/colorlight_i5/software/libcompiler_rt/libcompiler_rt.a(udivmoddi4.o)
 .debug_line    0x00002dc5      0x1f9 ../build/colorlight_i5/software/libcompiler_rt/libcompiler_rt.a(clzsi2.o)
 .debug_line    0x00002fbe      0x1eb ../build/colorlight_i5/software/libcompiler_rt/libcompiler_rt.a(ctzsi2.o)
 .debug_line    0x000031a9       0xc5 ../build/colorlight_i5/software/libbase/libbase.a(console.o)
 .debug_line    0x0000326e      0x7b9 ../build/colorlight_i5/software/libbase/libbase.a(uart.o)
 .debug_line    0x00003a27      0x351 ../build/colorlight_i5/software/libbase/libbase.a(isr.o)

.debug_line_str
                0x00000000      0xe9d
 .debug_line_str
                0x00000000       0x93 build/crt0.o
 .debug_line_str
                0x00000093      0x4a3 build/main.o
                                0x5cd (size before relaxing)
 .debug_line_str
                0x00000536       0x97 ../build/colorlight_i5/software/libc/libc.a(strcmp.S.o)
 .debug_line_str
                0x000005cd       0xd9 ../build/colorlight_i5/software/libc/libc.a(strlen.c.o)
                                0x29f (size before relaxing)
 .debug_line_str
                0x000006a6       0x91 ../build/colorlight_i5/software/libc/libc.a(libc_string_strchr.c.o)
                                0x35f (size before relaxing)
 .debug_line_str
                0x00000737       0x83 ../build/colorlight_i5/software/libc/libc.a(libc_tinystdio_fgetc.c.o)
                                0x2c1 (size before relaxing)
 .debug_line_str
                0x000007ba       0x2e ../build/colorlight_i5/software/libc/libc.a(libc_tinystdio_fputs.c.o)
                                0x2c1 (size before relaxing)
 .debug_line_str
                0x000007e8       0x2f ../build/colorlight_i5/software/libc/libc.a(libc_tinystdio_printf.c.o)
                                0x27d (size before relaxing)
 .debug_line_str
                0x00000817       0x2d ../build/colorlight_i5/software/libc/libc.a(libc_tinystdio_puts.c.o)
                                0x2be (size before relaxing)
 .debug_line_str
                0x00000844       0xfe ../build/colorlight_i5/software/libc/libc.a(libc_tinystdio_vfiprintf.c.o)
                                0x427 (size before relaxing)
 .debug_line_str
                0x00000942       0x80 ../build/colorlight_i5/software/libc/libc.a(_libc.a)
                                0x623 (size before relaxing)
 .debug_line_str
                0x000009c2       0x2d ../build/colorlight_i5/software/libc/libc.a(libc_string_strnlen.c.o)
                                0x29d (size before relaxing)
 .debug_line_str
                0x000009ef      0x18a ../build/colorlight_i5/software/libcompiler_rt/libcompiler_rt.a(udivdi3.o)
                                0x4ce (size before relaxing)
 .debug_line_str
                0x00000b79       0x7a ../build/colorlight_i5/software/libcompiler_rt/libcompiler_rt.a(umoddi3.o)
                                0x4ce (size before relaxing)
 .debug_line_str
                0x00000bf3       0x7d ../build/colorlight_i5/software/libcompiler_rt/libcompiler_rt.a(udivmoddi4.o)
                                0x4d7 (size before relaxing)
 .debug_line_str
                0x00000c70       0x79 ../build/colorlight_i5/software/libcompiler_rt/libcompiler_rt.a(clzsi2.o)
                                0x4cb (size before relaxing)
 .debug_line_str
                0x00000ce9       0x79 ../build/colorlight_i5/software/libcompiler_rt/libcompiler_rt.a(ctzsi2.o)
                                0x4cb (size before relaxing)
 .debug_line_str
                0x00000d62       0xb0 ../build/colorlight_i5/software/libbase/libbase.a(console.o)
                                0x520 (size before relaxing)
 .debug_line_str
                0x00000e12       0x46 ../build/colorlight_i5/software/libbase/libbase.a(uart.o)
                                0x519 (size before relaxing)
 .debug_line_str
                0x00000e58       0x45 ../build/colorlight_i5/software/libbase/libbase.a(isr.o)
                                0x5ec (size before relaxing)

.debug_info     0x00000000     0x2a7c
 .debug_info    0x00000000       0x25 build/crt0.o
 .debug_info    0x00000025      0x7d6 build/main.o
 .debug_info    0x000007fb       0x31 ../build/colorlight_i5/software/libc/libc.a(strcmp.S.o)
 .debug_info    0x0000082c       0xd1 ../build/colorlight_i5/software/libc/libc.a(strlen.c.o)
 .debug_info    0x000008fd       0xe8 ../build/colorlight_i5/software/libc/libc.a(libc_string_strchr.c.o)
 .debug_info    0x000009e5      0x209 ../build/colorlight_i5/software/libc/libc.a(libc_tinystdio_fgetc.c.o)
 .debug_info    0x00000bee      0x1c2 ../build/colorlight_i5/software/libc/libc.a(libc_tinystdio_fputs.c.o)
 .debug_info    0x00000db0      0x201 ../build/colorlight_i5/software/libc/libc.a(libc_tinystdio_printf.c.o)
 .debug_info    0x00000fb1      0x1d4 ../build/colorlight_i5/software/libc/libc.a(libc_tinystdio_puts.c.o)
 .debug_info    0x00001185      0x4ed ../build/colorlight_i5/software/libc/libc.a(libc_tinystdio_vfiprintf.c.o)
 .debug_info    0x00001672      0x26b ../build/colorlight_i5/software/libc/libc.a(_libc.a)
 .debug_info    0x000018dd       0xdd ../build/colorlight_i5/software/libc/libc.a(libc_string_strnlen.c.o)
 .debug_info    0x000019ba      0x127 ../build/colorlight_i5/software/libcompiler_rt/libcompiler_rt.a(udivdi3.o)
 .debug_info    0x00001ae1      0x135 ../build/colorlight_i5/software/libcompiler_rt/libcompiler_rt.a(umoddi3.o)
 .debug_info    0x00001c16      0x224 ../build/colorlight_i5/software/libcompiler_rt/libcompiler_rt.a(udivmoddi4.o)
 .debug_info    0x00001e3a       0xf8 ../build/colorlight_i5/software/libcompiler_rt/libcompiler_rt.a(clzsi2.o)
 .debug_info    0x00001f32       0xf8 ../build/colorlight_i5/software/libcompiler_rt/libcompiler_rt.a(ctzsi2.o)
 .debug_info    0x0000202a       0x9d ../build/colorlight_i5/software/libbase/libbase.a(console.o)
 .debug_info    0x000020c7      0x676 ../build/colorlight_i5/software/libbase/libbase.a(uart.o)
 .debug_info    0x0000273d      0x33f ../build/colorlight_i5/software/libbase/libbase.a(isr.o)

.debug_abbrev   0x00000000     0x16bb
 .debug_abbrev  0x00000000       0x14 build/crt0.o
 .debug_abbrev  0x00000014      0x2f8 build/main.o
 .debug_abbrev  0x0000030c       0x28 ../build/colorlight_i5/software/libc/libc.a(strcmp.S.o)
 .debug_abbrev  0x00000334       0x8a ../build/colorlight_i5/software/libc/libc.a(strlen.c.o)
 .debug_abbrev  0x000003be       0x8e ../build/colorlight_i5/software/libc/libc.a(libc_string_strchr.c.o)
 .debug_abbrev  0x0000044c      0x16c ../build/colorlight_i5/software/libc/libc.a(libc_tinystdio_fgetc.c.o)
 .debug_abbrev  0x000005b8      0x116 ../build/colorlight_i5/software/libc/libc.a(libc_tinystdio_fputs.c.o)
 .debug_abbrev  0x000006ce      0x13d ../build/colorlight_i5/software/libc/libc.a(libc_tinystdio_printf.c.o)
 .debug_abbrev  0x0000080b      0x121 ../build/colorlight_i5/software/libc/libc.a(libc_tinystdio_puts.c.o)
 .debug_abbrev  0x0000092c      0x240 ../build/colorlight_i5/software/libc/libc.a(libc_tinystdio_vfiprintf.c.o)
 .debug_abbrev  0x00000b6c      0x194 ../build/colorlight_i5/software/libc/libc.a(_libc.a)
 .debug_abbrev  0x00000d00       0x8b ../build/colorlight_i5/software/libc/libc.a(libc_string_strnlen.c.o)
 .debug_abbrev  0x00000d8b       0xa5 ../build/colorlight_i5/software/libcompiler_rt/libcompiler_rt.a(udivdi3.o)
 .debug_abbrev  0x00000e30       0xb3 ../build/colorlight_i5/software/libcompiler_rt/libcompiler_rt.a(umoddi3.o)
 .debug_abbrev  0x00000ee3      0x132 ../build/colorlight_i5/software/libcompiler_rt/libcompiler_rt.a(udivmoddi4.o)
 .debug_abbrev  0x00001015       0x7c ../build/colorlight_i5/software/libcompiler_rt/libcompiler_rt.a(clzsi2.o)
 .debug_abbrev  0x00001091       0x7c ../build/colorlight_i5/software/libcompiler_rt/libcompiler_rt.a(ctzsi2.o)
 .debug_abbrev  0x0000110d       0x68 ../build/colorlight_i5/software/libbase/libbase.a(console.o)
 .debug_abbrev  0x00001175      0x2c5 ../build/colorlight_i5/software/libbase/libbase.a(uart.o)
 .debug_abbrev  0x0000143a      0x281 ../build/colorlight_i5/software/libbase/libbase.a(isr.o)

.debug_aranges  0x00000000      0x290
 .debug_aranges
                0x00000000       0x20 build/crt0.o
 .debug_aranges
                0x00000020       0x28 build/main.o
 .debug_aranges
                0x00000048       0x20 ../build/colorlight_i5/software/libc/libc.a(strcmp.S.o)
 .debug_aranges
                0x00000068       0x20 ../build/colorlight_i5/software/libc/libc.a(strlen.c.o)
 .debug_aranges
                0x00000088       0x20 ../build/colorlight_i5/software/libc/libc.a(libc_string_strchr.c.o)
 .debug_aranges
                0x000000a8       0x20 ../build/colorlight_i5/software/libc/libc.a(libc_tinystdio_fgetc.c.o)
 .debug_aranges
                0x000000c8       0x20 ../build/colorlight_i5/software/libc/libc.a(libc_tinystdio_fputs.c.o)
 .debug_aranges
                0x000000e8       0x20 ../build/colorlight_i5/software/libc/libc.a(libc_tinystdio_printf.c.o)
 .debug_aranges
                0x00000108       0x20 ../build/colorlight_i5/software/libc/libc.a(libc_tinystdio_puts.c.o)
 .debug_aranges
                0x00000128       0x28 ../build/colorlight_i5/software/libc/libc.a(libc_tinystdio_vfiprintf.c.o)
 .debug_aranges
                0x00000150       0x20 ../build/colorlight_i5/software/libc/libc.a(_libc.a)
 .debug_aranges
                0x00000170       0x20 ../build/colorlight_i5/software/libc/libc.a(libc_string_strnlen.c.o)
 .debug_aranges
                0x00000190       0x20 ../build/colorlight_i5/software/libcompiler_rt/libcompiler_rt.a(udivdi3.o)
 .debug_aranges
                0x000001b0       0x20 ../build/colorlight_i5/software/libcompiler_rt/libcompiler_rt.a(umoddi3.o)
 .debug_aranges
                0x000001d0       0x20 ../build/colorlight_i5/software/libcompiler_rt/libcompiler_rt.a(udivmoddi4.o)
 .debug_aranges
                0x000001f0       0x20 ../build/colorlight_i5/software/libcompiler_rt/libcompiler_rt.a(clzsi2.o)
 .debug_aranges
                0x00000210       0x20 ../build/colorlight_i5/software/libcompiler_rt/libcompiler_rt.a(ctzsi2.o)
 .debug_aranges
                0x00000230       0x20 ../build/colorlight_i5/software/libbase/libbase.a(console.o)
 .debug_aranges
                0x00000250       0x20 ../build/colorlight_i5/software/libbase/libbase.a(uart.o)
 .debug_aranges
                0x00000270       0x20 ../build/colorlight_i5/software/libbase/libbase.a(isr.o)

.debug_str      0x00000000     0xe10d
 .debug_str     0x00000000       0x9f build/crt0.o
 .debug_str     0x0000009f     0xa1de build/main.o
                               0xa4d4 (size before relaxing)
 .debug_str     0x0000a27d       0x97 ../build/colorlight_i5/software/libc/libc.a(strcmp.S.o)
                                 0xaa (size before relaxing)
 .debug_str     0x0000a314      0x406 ../build/colorlight_i5/software/libc/libc.a(strlen.c.o)
                               0x6959 (size before relaxing)
 .debug_str     0x0000a71a      0x554 ../build/colorlight_i5/software/libc/libc.a(libc_string_strchr.c.o)
                               0x6df2 (size before relaxing)
 .debug_str     0x0000ac6e      0xaa0 ../build/colorlight_i5/software/libc/libc.a(libc_tinystdio_fgetc.c.o)
                               0x8db8 (size before relaxing)
 .debug_str     0x0000b70e     0x8d9b ../build/colorlight_i5/software/libc/libc.a(libc_tinystdio_fputs.c.o)
 .debug_str     0x0000b70e       0x2a ../build/colorlight_i5/software/libc/libc.a(libc_tinystdio_printf.c.o)
                               0x6bfa (size before relaxing)
 .debug_str     0x0000b738     0x8d9a ../build/colorlight_i5/software/libc/libc.a(libc_tinystdio_puts.c.o)
 .debug_str     0x0000b738     0x22ae ../build/colorlight_i5/software/libc/libc.a(libc_tinystdio_vfiprintf.c.o)
                               0xb1fb (size before relaxing)
 .debug_str     0x0000d9e6       0x4d ../build/colorlight_i5/software/libc/libc.a(_libc.a)
                               0x8c48 (size before relaxing)
 .debug_str     0x0000da33       0x10 ../build/colorlight_i5/software/libc/libc.a(libc_string_strnlen.c.o)
                               0x5fbb (size before relaxing)
 .debug_str     0x0000da43      0x460 ../build/colorlight_i5/software/libcompiler_rt/libcompiler_rt.a(udivdi3.o)
                               0x6d4d (size before relaxing)
 .debug_str     0x0000dea3     0x6d4d ../build/colorlight_i5/software/libcompiler_rt/libcompiler_rt.a(umoddi3.o)
 .debug_str     0x0000dea3       0x4e ../build/colorlight_i5/software/libcompiler_rt/libcompiler_rt.a(udivmoddi4.o)
                               0x6d91 (size before relaxing)
 .debug_str     0x0000def1        0x7 ../build/colorlight_i5/software/libcompiler_rt/libcompiler_rt.a(clzsi2.o)
                               0x6d46 (size before relaxing)
 .debug_str     0x0000def8     0x6d46 ../build/colorlight_i5/software/libcompiler_rt/libcompiler_rt.a(ctzsi2.o)
 .debug_str     0x0000def8     0x6b0b ../build/colorlight_i5/software/libbase/libbase.a(console.o)
 .debug_str     0x0000def8      0x1ee ../build/colorlight_i5/software/libbase/libbase.a(uart.o)
                               0x6d27 (size before relaxing)
 .debug_str     0x0000e0e6       0x27 ../build/colorlight_i5/software/libbase/libbase.a(isr.o)
                               0x8c23 (size before relaxing)

.debug_loclists
                0x00000000     0x19e1
 .debug_loclists
                0x00000000      0x13e build/main.o
 .debug_loclists
                0x0000013e       0x3d ../build/colorlight_i5/software/libc/libc.a(strlen.c.o)
 .debug_loclists
                0x0000017b       0x4c ../build/colorlight_i5/software/libc/libc.a(libc_string_strchr.c.o)
 .debug_loclists
                0x000001c7       0x83 ../build/colorlight_i5/software/libc/libc.a(libc_tinystdio_fgetc.c.o)
 .debug_loclists
                0x0000024a       0x98 ../build/colorlight_i5/software/libc/libc.a(libc_tinystdio_fputs.c.o)
 .debug_loclists
                0x000002e2       0x31 ../build/colorlight_i5/software/libc/libc.a(libc_tinystdio_printf.c.o)
 .debug_loclists
                0x00000313       0x69 ../build/colorlight_i5/software/libc/libc.a(libc_tinystdio_puts.c.o)
 .debug_loclists
                0x0000037c      0x94b ../build/colorlight_i5/software/libc/libc.a(libc_tinystdio_vfiprintf.c.o)
 .debug_loclists
                0x00000cc7       0x5a ../build/colorlight_i5/software/libc/libc.a(_libc.a)
 .debug_loclists
                0x00000d21       0xb6 ../build/colorlight_i5/software/libc/libc.a(libc_string_strnlen.c.o)
 .debug_loclists
                0x00000dd7       0x4e ../build/colorlight_i5/software/libcompiler_rt/libcompiler_rt.a(udivdi3.o)
 .debug_loclists
                0x00000e25       0x4e ../build/colorlight_i5/software/libcompiler_rt/libcompiler_rt.a(umoddi3.o)
 .debug_loclists
                0x00000e73      0x340 ../build/colorlight_i5/software/libcompiler_rt/libcompiler_rt.a(udivmoddi4.o)
 .debug_loclists
                0x000011b3      0x226 ../build/colorlight_i5/software/libcompiler_rt/libcompiler_rt.a(clzsi2.o)
 .debug_loclists
                0x000013d9      0x2da ../build/colorlight_i5/software/libcompiler_rt/libcompiler_rt.a(ctzsi2.o)
 .debug_loclists
                0x000016b3      0x231 ../build/colorlight_i5/software/libbase/libbase.a(uart.o)
 .debug_loclists
                0x000018e4       0xfd ../build/colorlight_i5/software/libbase/libbase.a(isr.o)

.debug_rnglists
                0x00000000      0x3b8
 .debug_rnglists
                0x00000000       0x98 build/main.o
 .debug_rnglists
                0x00000098       0x16 ../build/colorlight_i5/software/libc/libc.a(strlen.c.o)
 .debug_rnglists
                0x000000ae       0x16 ../build/colorlight_i5/software/libc/libc.a(libc_string_strchr.c.o)
 .debug_rnglists
                0x000000c4       0x32 ../build/colorlight_i5/software/libc/libc.a(libc_tinystdio_fgetc.c.o)
 .debug_rnglists
                0x000000f6       0x16 ../build/colorlight_i5/software/libc/libc.a(libc_tinystdio_fputs.c.o)
 .debug_rnglists
                0x0000010c       0x16 ../build/colorlight_i5/software/libc/libc.a(libc_tinystdio_printf.c.o)
 .debug_rnglists
                0x00000122       0x16 ../build/colorlight_i5/software/libc/libc.a(libc_tinystdio_puts.c.o)
 .debug_rnglists
                0x00000138       0xcf ../build/colorlight_i5/software/libc/libc.a(libc_tinystdio_vfiprintf.c.o)
 .debug_rnglists
                0x00000207       0x16 ../build/colorlight_i5/software/libc/libc.a(libc_string_strnlen.c.o)
 .debug_rnglists
                0x0000021d       0x1f ../build/colorlight_i5/software/libcompiler_rt/libcompiler_rt.a(udivmoddi4.o)
 .debug_rnglists
                0x0000023c       0xe3 ../build/colorlight_i5/software/libbase/libbase.a(uart.o)
 .debug_rnglists
                0x0000031f       0x99 ../build/colorlight_i5/software/libbase/libbase.a(isr.o)

.debug_macro    0x00000000     0x69d0
 .debug_macro   0x00000000      0x1c4 build/main.o
 .debug_macro   0x000001c4      0x74e build/main.o
 .debug_macro   0x00000912      0x50c build/main.o
 .debug_macro   0x00000e1e       0x27 build/main.o
 .debug_macro   0x00000e45       0x94 build/main.o
 .debug_macro   0x00000ed9      0x183 build/main.o
 .debug_macro   0x0000105c       0x35 build/main.o
 .debug_macro   0x00001091      0x103 build/main.o
 .debug_macro   0x00001194       0x34 build/main.o
 .debug_macro   0x000011c8       0x57 build/main.o
 .debug_macro   0x0000121f       0x6a build/main.o
 .debug_macro   0x00001289      0x1df build/main.o
 .debug_macro   0x00001468       0x89 build/main.o
 .debug_macro   0x000014f1      0x4cc build/main.o
 .debug_macro   0x000019bd       0x58 build/main.o
 .debug_macro   0x00001a15       0x16 build/main.o
 .debug_macro   0x00001a2b       0x9e build/main.o
 .debug_macro   0x00001ac9       0x35 build/main.o
 .debug_macro   0x00001afe       0x10 build/main.o
 .debug_macro   0x00001b0e       0x20 build/main.o
 .debug_macro   0x00001b2e      0x13f build/main.o
 .debug_macro   0x00001c6d       0x16 build/main.o
 .debug_macro   0x00001c83       0x27 build/main.o
 .debug_macro   0x00001caa       0x8d build/main.o
 .debug_macro   0x00001d37      0x397 build/main.o
 .debug_macro   0x000020ce       0x16 build/main.o
 .debug_macro   0x000020e4       0x2f build/main.o
 .debug_macro   0x00002113       0x16 build/main.o
 .debug_macro   0x00002129       0x35 build/main.o
 .debug_macro   0x0000215e       0xdc build/main.o
 .debug_macro   0x0000223a       0x4a build/main.o
 .debug_macro   0x00002284      0x47a build/main.o
 .debug_macro   0x000026fe       0x16 build/main.o
 .debug_macro   0x00002714       0x16 build/main.o
 .debug_macro   0x0000272a       0xc0 ../build/colorlight_i5/software/libc/libc.a(strlen.c.o)
 .debug_macro   0x000027ea      0x778 ../build/colorlight_i5/software/libc/libc.a(strlen.c.o)
 .debug_macro   0x00002f62       0x5c ../build/colorlight_i5/software/libc/libc.a(strlen.c.o)
 .debug_macro   0x00002fbe      0x201 ../build/colorlight_i5/software/libc/libc.a(strlen.c.o)
 .debug_macro   0x000031bf      0x189 ../build/colorlight_i5/software/libc/libc.a(strlen.c.o)
 .debug_macro   0x00003348      0x382 ../build/colorlight_i5/software/libc/libc.a(strlen.c.o)
 .debug_macro   0x000036ca       0x10 ../build/colorlight_i5/software/libc/libc.a(strlen.c.o)
 .debug_macro   0x000036da      0x10a ../build/colorlight_i5/software/libc/libc.a(libc_string_strchr.c.o)
 .debug_macro   0x000037e4      0x778 ../build/colorlight_i5/software/libc/libc.a(libc_string_strchr.c.o)
 .debug_macro   0x00003f5c       0x7c ../build/colorlight_i5/software/libc/libc.a(libc_string_strchr.c.o)
 .debug_macro   0x00003fd8       0x10 ../build/colorlight_i5/software/libc/libc.a(libc_string_strchr.c.o)
 .debug_macro   0x00003fe8       0xe2 ../build/colorlight_i5/software/libc/libc.a(libc_string_strchr.c.o)
 .debug_macro   0x000040ca      0x15b ../build/colorlight_i5/software/libc/libc.a(libc_tinystdio_fgetc.c.o)
 .debug_macro   0x00004225       0x94 ../build/colorlight_i5/software/libc/libc.a(libc_tinystdio_fgetc.c.o)
 .debug_macro   0x000042b9       0xbe ../build/colorlight_i5/software/libc/libc.a(libc_tinystdio_fgetc.c.o)
 .debug_macro   0x00004377       0x19 ../build/colorlight_i5/software/libc/libc.a(libc_tinystdio_fgetc.c.o)
 .debug_macro   0x00004390       0x5e ../build/colorlight_i5/software/libc/libc.a(libc_tinystdio_fgetc.c.o)
 .debug_macro   0x000043ee       0x16 ../build/colorlight_i5/software/libc/libc.a(libc_tinystdio_fgetc.c.o)
 .debug_macro   0x00004404       0x22 ../build/colorlight_i5/software/libc/libc.a(libc_tinystdio_fgetc.c.o)
 .debug_macro   0x00004426       0x4f ../build/colorlight_i5/software/libc/libc.a(libc_tinystdio_fgetc.c.o)
 .debug_macro   0x00004475      0x15b ../build/colorlight_i5/software/libc/libc.a(libc_tinystdio_fputs.c.o)
 .debug_macro   0x000045d0       0xf2 ../build/colorlight_i5/software/libc/libc.a(libc_tinystdio_printf.c.o)
 .debug_macro   0x000046c2      0x15b ../build/colorlight_i5/software/libc/libc.a(libc_tinystdio_puts.c.o)
 .debug_macro   0x0000481d      0x283 ../build/colorlight_i5/software/libc/libc.a(libc_tinystdio_vfiprintf.c.o)
 .debug_macro   0x00004aa0       0x86 ../build/colorlight_i5/software/libc/libc.a(libc_tinystdio_vfiprintf.c.o)
 .debug_macro   0x00004b26       0xb9 ../build/colorlight_i5/software/libc/libc.a(libc_tinystdio_vfiprintf.c.o)
 .debug_macro   0x00004bdf      0x1b7 ../build/colorlight_i5/software/libc/libc.a(libc_tinystdio_vfiprintf.c.o)
 .debug_macro   0x00004d96       0x10 ../build/colorlight_i5/software/libc/libc.a(libc_tinystdio_vfiprintf.c.o)
 .debug_macro   0x00004da6       0x1c ../build/colorlight_i5/software/libc/libc.a(libc_tinystdio_vfiprintf.c.o)
 .debug_macro   0x00004dc2       0x82 ../build/colorlight_i5/software/libc/libc.a(libc_tinystdio_vfiprintf.c.o)
 .debug_macro   0x00004e44       0xe8 ../build/colorlight_i5/software/libc/libc.a(libc_tinystdio_vfiprintf.c.o)
 .debug_macro   0x00004f2c       0x10 ../build/colorlight_i5/software/libc/libc.a(libc_tinystdio_vfiprintf.c.o)
 .debug_macro   0x00004f3c      0x257 ../build/colorlight_i5/software/libc/libc.a(libc_tinystdio_vfiprintf.c.o)
 .debug_macro   0x00005193       0x16 ../build/colorlight_i5/software/libc/libc.a(libc_tinystdio_vfiprintf.c.o)
 .debug_macro   0x000051a9      0x194 ../build/colorlight_i5/software/libc/libc.a(libc_tinystdio_vfiprintf.c.o)
 .debug_macro   0x0000533d       0x16 ../build/colorlight_i5/software/libc/libc.a(libc_tinystdio_vfiprintf.c.o)
 .debug_macro   0x00005353       0x60 ../build/colorlight_i5/software/libc/libc.a(libc_tinystdio_vfiprintf.c.o)
 .debug_macro   0x000053b3       0x2b ../build/colorlight_i5/software/libc/libc.a(libc_tinystdio_vfiprintf.c.o)
 .debug_macro   0x000053de       0x10 ../build/colorlight_i5/software/libc/libc.a(libc_tinystdio_vfiprintf.c.o)
 .debug_macro   0x000053ee       0xb2 ../build/colorlight_i5/software/libc/libc.a(libc_tinystdio_vfiprintf.c.o)
 .debug_macro   0x000054a0      0x14a ../build/colorlight_i5/software/libc/libc.a(_libc.a)
 .debug_macro   0x000055ea       0xe6 ../build/colorlight_i5/software/libc/libc.a(libc_string_strnlen.c.o)
 .debug_macro   0x000056d0       0x94 ../build/colorlight_i5/software/libc/libc.a(libc_string_strnlen.c.o)
 .debug_macro   0x00005764       0x43 ../build/colorlight_i5/software/libc/libc.a(libc_string_strnlen.c.o)
 .debug_macro   0x000057a7       0xd4 ../build/colorlight_i5/software/libcompiler_rt/libcompiler_rt.a(udivdi3.o)
 .debug_macro   0x0000587b      0x75a ../build/colorlight_i5/software/libcompiler_rt/libcompiler_rt.a(udivdi3.o)
 .debug_macro   0x00005fd5       0x34 ../build/colorlight_i5/software/libcompiler_rt/libcompiler_rt.a(udivdi3.o)
 .debug_macro   0x00006009       0x51 ../build/colorlight_i5/software/libcompiler_rt/libcompiler_rt.a(udivdi3.o)
 .debug_macro   0x0000605a      0x182 ../build/colorlight_i5/software/libcompiler_rt/libcompiler_rt.a(udivdi3.o)
 .debug_macro   0x000061dc      0x106 ../build/colorlight_i5/software/libcompiler_rt/libcompiler_rt.a(udivdi3.o)
 .debug_macro   0x000062e2       0x16 ../build/colorlight_i5/software/libcompiler_rt/libcompiler_rt.a(udivdi3.o)
 .debug_macro   0x000062f8       0x12 ../build/colorlight_i5/software/libcompiler_rt/libcompiler_rt.a(udivdi3.o)
 .debug_macro   0x0000630a       0x22 ../build/colorlight_i5/software/libcompiler_rt/libcompiler_rt.a(udivdi3.o)
 .debug_macro   0x0000632c       0xd4 ../build/colorlight_i5/software/libcompiler_rt/libcompiler_rt.a(umoddi3.o)
 .debug_macro   0x00006400       0xd4 ../build/colorlight_i5/software/libcompiler_rt/libcompiler_rt.a(udivmoddi4.o)
 .debug_macro   0x000064d4       0xd4 ../build/colorlight_i5/software/libcompiler_rt/libcompiler_rt.a(clzsi2.o)
 .debug_macro   0x000065a8       0xd4 ../build/colorlight_i5/software/libcompiler_rt/libcompiler_rt.a(ctzsi2.o)
 .debug_macro   0x0000667c       0xa3 ../build/colorlight_i5/software/libbase/libbase.a(console.o)
 .debug_macro   0x0000671f       0x8e ../build/colorlight_i5/software/libbase/libbase.a(console.o)
 .debug_macro   0x000067ad       0xc4 ../build/colorlight_i5/software/libbase/libbase.a(uart.o)
 .debug_macro   0x00006871      0x15f ../build/colorlight_i5/software/libbase/libbase.a(isr.o)
